// Jest Snapshot v1, https://goo.gl/fbAQLP

exports[`OverviewItem renders 1`] = `
<li
  className="overview-item"
>
  <Link
    onClick={[Function]}
    replace={false}
    to="/slideshows/1/slides/0"
  >
    Exciting Slide
  </Link>
</li>
`;
