exports[`Slideshow renders 1`] = `
<div>
  <TitleSlide
    slide={
      Object {
        "slide_type": "title",
        "title": "Exciting Slide",
      }
    } />
  <button
    className="next-button"
    onClick={[Function]}>
    Next
  </button>
</div>
`;
