exports[`TitleSlide renders 1`] = `
<h1
  className="title-slide">
  Stop-n-Go: Dijkstra Presents Semaphores
</h1>
`;
