exports[`Slideshow renders 1`] = `
<div>
  <h3>
    Exciting slideshow
  </h3>
  <ul />
  <button
    className="next-button"
    onClick={[Function]}>
    Next
  </button>
</div>
`;
